---
source: src/hid/basic.rs
expression: parsed
---
[
    Global(
        UsagePage(
            1,
        ),
    ),
    Local(
        Usage(
            4,
        ),
    ),
    Main(
        Collection(
            Application,
        ),
    ),
    Local(
        Usage(
            1,
        ),
    ),
    Main(
        Collection(
            Physical,
        ),
    ),
    Global(
        UsagePage(
            1,
        ),
    ),
    Local(
        Usage(
            48,
        ),
    ),
    Local(
        Usage(
            49,
        ),
    ),
    Global(
        LogicalMinimum(
            0,
        ),
    ),
    Global(
        LogicalMaximum(
            1023,
        ),
    ),
    Global(
        ReportSize(
            10,
        ),
    ),
    Global(
        ReportCount(
            2,
        ),
    ),
    Main(
        Input(
            Data,Variable,Absolute,No Wrap,Linear,Preferred State,No Null position,Bit Field,
        ),
    ),
    Local(
        Usage(
            53,
        ),
    ),
    Global(
        LogicalMinimum(
            0,
        ),
    ),
    Global(
        LogicalMaximum(
            255,
        ),
    ),
    Global(
        ReportSize(
            8,
        ),
    ),
    Global(
        ReportCount(
            1,
        ),
    ),
    Main(
        Input(
            Data,Variable,Absolute,No Wrap,Linear,Preferred State,No Null position,Bit Field,
        ),
    ),
    Local(
        Usage(
            50,
        ),
    ),
    Local(
        Usage(
            54,
        ),
    ),
    Global(
        LogicalMinimum(
            0,
        ),
    ),
    Global(
        LogicalMaximum(
            255,
        ),
    ),
    Global(
        ReportSize(
            8,
        ),
    ),
    Global(
        ReportCount(
            2,
        ),
    ),
    Main(
        Input(
            Data,Variable,Absolute,No Wrap,Linear,Preferred State,No Null position,Bit Field,
        ),
    ),
    Global(
        UsagePage(
            9,
        ),
    ),
    Local(
        UsageMinimum(
            1,
        ),
    ),
    Local(
        UsageMaximum(
            14,
        ),
    ),
    Global(
        LogicalMinimum(
            0,
        ),
    ),
    Global(
        LogicalMaximum(
            1,
        ),
    ),
    Global(
        ReportSize(
            1,
        ),
    ),
    Global(
        ReportCount(
            14,
        ),
    ),
    Main(
        Input(
            Data,Variable,Absolute,No Wrap,Linear,Preferred State,No Null position,Bit Field,
        ),
    ),
    Global(
        UsagePage(
            1,
        ),
    ),
    Local(
        Usage(
            57,
        ),
    ),
    Global(
        LogicalMinimum(
            1,
        ),
    ),
    Global(
        LogicalMaximum(
            8,
        ),
    ),
    Global(
        PhysicalMinimum(
            0,
        ),
    ),
    Global(
        PhysicalMaximum(
            315,
        ),
    ),
    Global(
        Unit(
            20,
        ),
    ),
    Global(
        ReportSize(
            4,
        ),
    ),
    Global(
        ReportCount(
            1,
        ),
    ),
    Main(
        Input(
            Data,Variable,Absolute,No Wrap,Linear,Preferred State,Null state,Bit Field,
        ),
    ),
    Global(
        ReportSize(
            2,
        ),
    ),
    Global(
        ReportCount(
            1,
        ),
    ),
    Main(
        Input(
            Const,Array,Absolute,No Wrap,Linear,Preferred State,No Null position,Bit Field,
        ),
    ),
    Main(
        EndCollection,
    ),
    Main(
        EndCollection,
    ),
]
